2025-09-01 15:27:00 | WARN | repo=course-sys-int-switchyard-seminar | action=commit
2025-01-25 14:41:00 | DEBUG | repo=course-sys-int-switchyard-seminar | action=commit
2025-05-09 17:03:00 | INFO | repo=course-sys-int-switchyard-seminar | action=commit
2025-04-25 10:40:00 | DEBUG | repo=course-sys-int-switchyard-seminar | action=pull
2025-01-15 16:02:00 | INFO | repo=course-sys-int-switchyard-seminar | action=pull
2025-04-22 07:31:00 | WARN | repo=course-sys-int-switchyard-seminar | action=pull
2025-05-26 18:38:00 | INFO | repo=course-sys-int-switchyard-seminar | action=commit
2025-04-27 09:39:00 | WARN | repo=course-sys-int-switchyard-seminar | action=commit
2025-10-26 19:23:00 | WARN | repo=course-sys-int-switchyard-seminar | action=pull
2025-10-25 19:34:00 | DEBUG | repo=course-sys-int-switchyard-seminar | action=pull
2025-03-04 07:35:00 | INFO | repo=course-sys-int-switchyard-seminar | action=edit | files=5
2025-01-26 10:28:00 | WARN | repo=course-sys-int-switchyard-seminar | action=commit
2025-09-28 14:37:00 | INFO | repo=course-sys-int-switchyard-seminar | action=test | passed=true
2025-05-20 18:27:00 | DEBUG | repo=course-sys-int-switchyard-seminar | action=test | passed=true
2025-04-20 16:50:00 | WARN | repo=course-sys-int-switchyard-seminar | action=commit
2025-08-05 13:17:00 | INFO | repo=course-sys-int-switchyard-seminar | action=commit
2025-05-18 10:12:00 | WARN | repo=course-sys-int-switchyard-seminar | action=test | passed=true
2025-08-11 18:31:00 | DEBUG | repo=course-sys-int-switchyard-seminar | action=pull
2025-09-12 19:48:00 | INFO | repo=course-sys-int-switchyard-seminar | action=pull
2025-01-23 13:11:00 | DEBUG | repo=course-sys-int-switchyard-seminar | action=commit
